// Jest Snapshot v1, https://goo.gl/fbAQLP

exports[`constants should match the snapshot 1`] = `
Object {
  "AIRPORTS_LIST_GET": "AIRPORTS_LIST_GET",
  "AIRPORTS_LIST_GET_FAILURE": "AIRPORTS_LIST_GET_FAILURE",
  "AIRPORTS_LIST_GET_SUCCESS": "AIRPORTS_LIST_GET_SUCCESS",
  "BOOKING_CHANGE_FLIGHT_DATES": "BOOKING_CHANGE_FLIGHT_DATES",
  "BOOKING_CHANGE_FROM": "BOOKING_CHANGE_FROM",
  "BOOKING_CHANGE_PASSANGERS_NUMBER": "BOOKING_CHANGE_PASSANGERS_NUMBER",
  "BOOKING_CHANGE_TO": "BOOKING_CHANGE_TO",
  "BOOKING_SET_INVALID": "BOOKING_SET_INVALID",
  "BOOKING_SUBMIT": "BOOKING_SUBMIT",
  "BOOKING_SUBMIT_SUCCESS": "BOOKING_SUBMIT_SUCCESS",
  "BOOKING_TOGGLE_PASSANGERS_DROPDOWN": "BOOKING_TOGGLE_PASSANGERS_DROPDOWN",
  "BOOKING_UNSET_INVALID": "BOOKING_UNSET_INVALID",
  "BOOKING_URL_READY": "BOOKING_URL_READY",
  "EXCEPTION": "EXCEPTION",
  "HIDE_ALERT": "HIDE_ALERT",
  "SHOW_ALERT": "SHOW_ALERT",
  "TOGGLE_ROUND_TRIP": "TOGGLE_ROUND_TRIP",
}
`;

exports[`constants should match the snapshot 2`] = `
Object {
  "ERROR": "error",
  "IDLE": "idle",
  "READY": "ready",
  "RUNNING": "running",
  "SUCCESS": "success",
}
`;
