// Jest Snapshot v1, https://goo.gl/fbAQLP

exports[`store should have a persistor 1`] = `
Object {
  "bootstrapped": true,
  "registry": Array [],
}
`;

exports[`store should have a store 1`] = `
Object {
  "_persist": Object {
    "rehydrated": true,
    "version": -1,
  },
  "airportsList": Object {
    "data": Array [],
    "message": "",
    "status": "idle",
  },
  "app": Object {
    "alerts": Array [],
  },
  "booking": Object {
    "flightDates": Object {
      "departure": null,
      "return": null,
    },
    "from": null,
    "invalid": null,
    "isRoundTrip": false,
    "passengers": Object {
      "adults": 1,
      "children": 0,
      "infants": 0,
      "total": 1,
    },
    "passengersDropdownIsOpen": false,
    "to": null,
    "url": null,
  },
}
`;
