// Jest Snapshot v1, https://goo.gl/fbAQLP

exports[`BookingMask should render properly 1`] = `
<ThemeProvider
  theme={
    Object {
      "breakpoints": Array [
        400,
        768,
        1024,
        1280,
        1920,
      ],
      "button": Object {
        "borderRadius": Object {
          "lg": 0,
          "xl": 0,
          "xs": 0,
        },
        "padding": Object {
          "lg": Array [
            12,
            28,
          ],
          "xl": Array [
            14,
            32,
          ],
        },
      },
      "input": Object {
        "borderRadius": Object {
          "default": 0,
          "lg": 0,
          "xl": 0,
          "xs": 0,
        },
      },
      "palette": Object {},
      "sizes": Object {},
    }
  }
>
  <div
    data-testid="BookingMaskWrapper"
    key="BookingMask"
  >
    <React.Memo>
      <BookingMaskGrid
        data-testid="BookingMaskGrid"
      >
        <GridItem
          data-testid="BookingMaskGridItem1"
        >
          <WithTheme(FlightDirection)
            airportsList={
              Object {
                "data": Array [],
              }
            }
            data-testid="BookingMaskFlightDirection"
            dismissInvalid={[Function]}
            fromInvalid={false}
            onChangeFrom={[Function]}
            onChangeTo={[Function]}
            toInvalid={false}
          />
        </GridItem>
        <GridItem
          data-testid="BookingMaskGridItem2"
        >
          <WithTheme(FlightDates)
            customArrowIcon={
              <ForwardRef
                animate={false}
                data-testid="BookingMaskDirectionsToggle"
                onToggle={[Function]}
              />
            }
            flightDates={Object {}}
            isInvalid={false}
            onDatesChange={[Function]}
          />
        </GridItem>
        <GridItem
          data-testid="BookingMaskGridItem3"
        >
          <PassengersSelector
            adultsCount={1}
            adultsDescription="12+ years"
            adultsLabel="Adults"
            adultsMinLimit={1}
            childrenCount={0}
            childrenDescription="2-11 years"
            childrenLabel="Children"
            dropdownIsOpen={true}
            infantsCount={0}
            infantsDescription="0-1 years"
            infantsLabel="Infants"
            maxOfTheKind={20}
            onChange={[Function]}
            toggleDropdown={[Function]}
            totalLabel="Passengers"
          />
        </GridItem>
        <Spacer />
        <Spacer />
        <GridItem
          data-testid="BookingMaskGridItem4"
        >
          <SubmitButton
            animate={false}
            as="button"
            block={false}
            data-testid="BookingMaskSubmitButton"
            disabled={false}
            onClick={[Function]}
            outline={false}
            size="lg"
            type="submit"
            variant="primary"
          >
            Submit
          </SubmitButton>
        </GridItem>
      </BookingMaskGrid>
    </React.Memo>
  </div>
</ThemeProvider>
`;
