// Jest Snapshot v1, https://goo.gl/fbAQLP

exports[`FlightDatesWrapper should render properly 1`] = `
<StyledComponent
  forwardedComponent={
    Object {
      "$$typeof": Symbol(react.forward_ref),
      "attrs": Array [],
      "componentStyle": ComponentStyle {
        "componentId": "FlightDatesWrapper-aij2n6-0",
        "isStatic": false,
        "rules": Array [
          "height:",
          [Function],
          "px;min-width:",
          [Function],
          "px;width:100%;display:table-cell;bacground-color:white;input{height:100%;font-size:1.5rem;padding-left:10px;}.DateRangePicker{height:100%;width:100%;& > div{height:100%;width:100%;}}.DateInput{height:100%;width:50%;&:last-child{input{padding-left:35px;}}}.DateRangePickerInput_arrow{position:absolute;margin-left:-23px;top:25%;}.DateRangePickerInput{height:100%;width:100%;}",
        ],
      },
      "displayName": "FlightDatesWrapper",
      "foldedComponentIds": Array [],
      "render": [Function],
      "styledComponentId": "FlightDatesWrapper-aij2n6-0",
      "target": "div",
      "toString": [Function],
      "warnTooManyClasses": [Function],
      "withComponent": [Function],
    }
  }
  forwardedRef={null}
  theme={
    Object {
      "breakpoints": Array [
        400,
        768,
        1024,
        1280,
        1920,
      ],
      "button": Object {
        "borderRadius": Object {
          "lg": 0,
          "xl": 0,
          "xs": 0,
        },
        "padding": Object {
          "lg": Array [
            12,
            28,
          ],
          "xl": Array [
            14,
            32,
          ],
        },
      },
      "input": Object {
        "borderRadius": Object {
          "default": 0,
          "lg": 0,
          "xl": 0,
          "xs": 0,
        },
      },
      "palette": Object {
        "actionColor": "#66b4e5",
        "appColor": "#00b4d5",
        "borderColor": "rgb(204, 204, 204)",
        "defaultIconColor": "#444",
        "defaultTextColor": "#555",
        "inputBackgroundColor": "#fff",
        "primary": "#00b4d5",
        "secondary": "#88e4f5",
      },
      "sizes": Object {
        "borderColor": "rgb(204, 204, 204)",
        "controlHeight": 55,
        "inputFontSize": "1.5rem",
        "inputMinWidth": 150,
        "rowHeight": 70,
      },
    }
  }
/>
`;
